2026-10-03 16:19:58 [lote_G1_bloco4] inicio: 20 corridas planejadas, g=10.0 b=2.0, teto=14400s
2026-10-03 16:19:59 [lote_G1] iniciando g1_gnn_campinas_Q1_ss739191_s43 (bloco 4, vram_livre=10250 MiB): /trabalho/ambientes/s33_amb_virtual/.venv/bin/python /trabalho/ARPIA_RF/TOPO_RF_PROJETO/GNN_RF/MDPI_Mathematics/_v3_2026-09-25/gpu/G1/train_v3_g10.py --modelo gnn --cidade campinas --quadrante Q1 --seed-treino 43 --split-seed 739191 --epochs 8 --evid-dir /trabalho/ARPIA_RF/TOPO_RF_PROJETO/GNN_RF/MDPI_Mathematics/_v3_2026-09-25/gpu/G1 --run-label g1_gnn_campinas_Q1_ss739191_s43 --hidden-dim 256 --batch-size 12288 --lr 0.001 --k-antenna -1 --k-terrain -1 --mmap
2026-10-03 16:37:37 [lote_G1] g1_gnn_campinas_Q1_ss739191_s43 OK em 1058.2s
2026-10-03 16:37:37 [lote_G1] iniciando g1_mlp_campinas_Q1_ss739191_s43 (bloco 4, vram_livre=14091 MiB): /trabalho/ambientes/s33_amb_virtual/.venv/bin/python /trabalho/ARPIA_RF/TOPO_RF_PROJETO/GNN_RF/MDPI_Mathematics/_v3_2026-09-25/gpu/G1/train_v3_g10.py --modelo mlp --cidade campinas --quadrante Q1 --seed-treino 43 --split-seed 739191 --epochs 8 --evid-dir /trabalho/ARPIA_RF/TOPO_RF_PROJETO/GNN_RF/MDPI_Mathematics/_v3_2026-09-25/gpu/G1 --run-label g1_mlp_campinas_Q1_ss739191_s43 --batch-size 12288 --lr 0.001 --mmap
2026-10-03 16:39:22 [lote_G1] g1_mlp_campinas_Q1_ss739191_s43 OK em 105.7s
2026-10-03 16:39:22 [lote_G1] iniciando g1_gnn_campinas_Q1_ss739191_s44 (bloco 4, vram_livre=14224 MiB): /trabalho/ambientes/s33_amb_virtual/.venv/bin/python /trabalho/ARPIA_RF/TOPO_RF_PROJETO/GNN_RF/MDPI_Mathematics/_v3_2026-09-25/gpu/G1/train_v3_g10.py --modelo gnn --cidade campinas --quadrante Q1 --seed-treino 44 --split-seed 739191 --epochs 8 --evid-dir /trabalho/ARPIA_RF/TOPO_RF_PROJETO/GNN_RF/MDPI_Mathematics/_v3_2026-09-25/gpu/G1 --run-label g1_gnn_campinas_Q1_ss739191_s44 --hidden-dim 256 --batch-size 12288 --lr 0.001 --k-antenna -1 --k-terrain -1 --mmap
2026-10-03 16:54:46 [lote_G1] g1_gnn_campinas_Q1_ss739191_s44 OK em 923.8s
2026-10-03 16:54:46 [lote_G1] iniciando g1_mlp_campinas_Q1_ss739191_s44 (bloco 4, vram_livre=14011 MiB): /trabalho/ambientes/s33_amb_virtual/.venv/bin/python /trabalho/ARPIA_RF/TOPO_RF_PROJETO/GNN_RF/MDPI_Mathematics/_v3_2026-09-25/gpu/G1/train_v3_g10.py --modelo mlp --cidade campinas --quadrante Q1 --seed-treino 44 --split-seed 739191 --epochs 8 --evid-dir /trabalho/ARPIA_RF/TOPO_RF_PROJETO/GNN_RF/MDPI_Mathematics/_v3_2026-09-25/gpu/G1 --run-label g1_mlp_campinas_Q1_ss739191_s44 --batch-size 12288 --lr 0.001 --mmap
2026-10-03 16:56:30 [lote_G1] g1_mlp_campinas_Q1_ss739191_s44 OK em 103.7s
2026-10-03 16:56:30 [lote_G1] iniciando g1_gnn_campinas_Q1_ss29675_s43 (bloco 4, vram_livre=14002 MiB): /trabalho/ambientes/s33_amb_virtual/.venv/bin/python /trabalho/ARPIA_RF/TOPO_RF_PROJETO/GNN_RF/MDPI_Mathematics/_v3_2026-09-25/gpu/G1/train_v3_g10.py --modelo gnn --cidade campinas --quadrante Q1 --seed-treino 43 --split-seed 29675 --epochs 8 --evid-dir /trabalho/ARPIA_RF/TOPO_RF_PROJETO/GNN_RF/MDPI_Mathematics/_v3_2026-09-25/gpu/G1 --run-label g1_gnn_campinas_Q1_ss29675_s43 --hidden-dim 256 --batch-size 12288 --lr 0.001 --k-antenna -1 --k-terrain -1 --mmap
2026-10-03 17:11:45 [lote_G1] g1_gnn_campinas_Q1_ss29675_s43 OK em 915.4s
2026-10-03 17:11:45 [lote_G1] iniciando g1_mlp_campinas_Q1_ss29675_s43 (bloco 4, vram_livre=14216 MiB): /trabalho/ambientes/s33_amb_virtual/.venv/bin/python /trabalho/ARPIA_RF/TOPO_RF_PROJETO/GNN_RF/MDPI_Mathematics/_v3_2026-09-25/gpu/G1/train_v3_g10.py --modelo mlp --cidade campinas --quadrante Q1 --seed-treino 43 --split-seed 29675 --epochs 8 --evid-dir /trabalho/ARPIA_RF/TOPO_RF_PROJETO/GNN_RF/MDPI_Mathematics/_v3_2026-09-25/gpu/G1 --run-label g1_mlp_campinas_Q1_ss29675_s43 --batch-size 12288 --lr 0.001 --mmap
2026-10-03 17:13:31 [lote_G1] g1_mlp_campinas_Q1_ss29675_s43 OK em 105.7s
2026-10-03 17:13:31 [lote_G1] iniciando g1_gnn_campinas_Q1_ss29675_s44 (bloco 4, vram_livre=14188 MiB): /trabalho/ambientes/s33_amb_virtual/.venv/bin/python /trabalho/ARPIA_RF/TOPO_RF_PROJETO/GNN_RF/MDPI_Mathematics/_v3_2026-09-25/gpu/G1/train_v3_g10.py --modelo gnn --cidade campinas --quadrante Q1 --seed-treino 44 --split-seed 29675 --epochs 8 --evid-dir /trabalho/ARPIA_RF/TOPO_RF_PROJETO/GNN_RF/MDPI_Mathematics/_v3_2026-09-25/gpu/G1 --run-label g1_gnn_campinas_Q1_ss29675_s44 --hidden-dim 256 --batch-size 12288 --lr 0.001 --k-antenna -1 --k-terrain -1 --mmap
2026-10-03 17:28:41 [lote_G1] g1_gnn_campinas_Q1_ss29675_s44 OK em 909.8s
2026-10-03 17:28:41 [lote_G1] iniciando g1_mlp_campinas_Q1_ss29675_s44 (bloco 4, vram_livre=14181 MiB): /trabalho/ambientes/s33_amb_virtual/.venv/bin/python /trabalho/ARPIA_RF/TOPO_RF_PROJETO/GNN_RF/MDPI_Mathematics/_v3_2026-09-25/gpu/G1/train_v3_g10.py --modelo mlp --cidade campinas --quadrante Q1 --seed-treino 44 --split-seed 29675 --epochs 8 --evid-dir /trabalho/ARPIA_RF/TOPO_RF_PROJETO/GNN_RF/MDPI_Mathematics/_v3_2026-09-25/gpu/G1 --run-label g1_mlp_campinas_Q1_ss29675_s44 --batch-size 12288 --lr 0.001 --mmap
2026-10-03 17:30:26 [lote_G1] g1_mlp_campinas_Q1_ss29675_s44 OK em 105.4s
2026-10-03 17:30:26 [lote_G1] iniciando g1_gnn_campinas_Q1_ss676375_s43 (bloco 4, vram_livre=13917 MiB): /trabalho/ambientes/s33_amb_virtual/.venv/bin/python /trabalho/ARPIA_RF/TOPO_RF_PROJETO/GNN_RF/MDPI_Mathematics/_v3_2026-09-25/gpu/G1/train_v3_g10.py --modelo gnn --cidade campinas --quadrante Q1 --seed-treino 43 --split-seed 676375 --epochs 8 --evid-dir /trabalho/ARPIA_RF/TOPO_RF_PROJETO/GNN_RF/MDPI_Mathematics/_v3_2026-09-25/gpu/G1 --run-label g1_gnn_campinas_Q1_ss676375_s43 --hidden-dim 256 --batch-size 12288 --lr 0.001 --k-antenna -1 --k-terrain -1 --mmap
2026-10-03 17:45:40 [lote_G1] g1_gnn_campinas_Q1_ss676375_s43 OK em 913.9s
2026-10-03 17:45:40 [lote_G1] iniciando g1_mlp_campinas_Q1_ss676375_s43 (bloco 4, vram_livre=14228 MiB): /trabalho/ambientes/s33_amb_virtual/.venv/bin/python /trabalho/ARPIA_RF/TOPO_RF_PROJETO/GNN_RF/MDPI_Mathematics/_v3_2026-09-25/gpu/G1/train_v3_g10.py --modelo mlp --cidade campinas --quadrante Q1 --seed-treino 43 --split-seed 676375 --epochs 8 --evid-dir /trabalho/ARPIA_RF/TOPO_RF_PROJETO/GNN_RF/MDPI_Mathematics/_v3_2026-09-25/gpu/G1 --run-label g1_mlp_campinas_Q1_ss676375_s43 --batch-size 12288 --lr 0.001 --mmap
2026-10-03 17:47:25 [lote_G1] g1_mlp_campinas_Q1_ss676375_s43 OK em 104.7s
2026-10-03 17:47:25 [lote_G1] iniciando g1_gnn_campinas_Q1_ss676375_s44 (bloco 4, vram_livre=14230 MiB): /trabalho/ambientes/s33_amb_virtual/.venv/bin/python /trabalho/ARPIA_RF/TOPO_RF_PROJETO/GNN_RF/MDPI_Mathematics/_v3_2026-09-25/gpu/G1/train_v3_g10.py --modelo gnn --cidade campinas --quadrante Q1 --seed-treino 44 --split-seed 676375 --epochs 8 --evid-dir /trabalho/ARPIA_RF/TOPO_RF_PROJETO/GNN_RF/MDPI_Mathematics/_v3_2026-09-25/gpu/G1 --run-label g1_gnn_campinas_Q1_ss676375_s44 --hidden-dim 256 --batch-size 12288 --lr 0.001 --k-antenna -1 --k-terrain -1 --mmap
2026-10-03 18:02:37 [lote_G1] g1_gnn_campinas_Q1_ss676375_s44 OK em 912.1s
2026-10-03 18:02:37 [lote_G1] iniciando g1_mlp_campinas_Q1_ss676375_s44 (bloco 4, vram_livre=14161 MiB): /trabalho/ambientes/s33_amb_virtual/.venv/bin/python /trabalho/ARPIA_RF/TOPO_RF_PROJETO/GNN_RF/MDPI_Mathematics/_v3_2026-09-25/gpu/G1/train_v3_g10.py --modelo mlp --cidade campinas --quadrante Q1 --seed-treino 44 --split-seed 676375 --epochs 8 --evid-dir /trabalho/ARPIA_RF/TOPO_RF_PROJETO/GNN_RF/MDPI_Mathematics/_v3_2026-09-25/gpu/G1 --run-label g1_mlp_campinas_Q1_ss676375_s44 --batch-size 12288 --lr 0.001 --mmap
2026-10-03 18:04:22 [lote_G1] g1_mlp_campinas_Q1_ss676375_s44 OK em 105.3s
2026-10-03 18:04:22 [lote_G1] iniciando g1_gnn_campinas_Q1_ss387379_s43 (bloco 4, vram_livre=14228 MiB): /trabalho/ambientes/s33_amb_virtual/.venv/bin/python /trabalho/ARPIA_RF/TOPO_RF_PROJETO/GNN_RF/MDPI_Mathematics/_v3_2026-09-25/gpu/G1/train_v3_g10.py --modelo gnn --cidade campinas --quadrante Q1 --seed-treino 43 --split-seed 387379 --epochs 8 --evid-dir /trabalho/ARPIA_RF/TOPO_RF_PROJETO/GNN_RF/MDPI_Mathematics/_v3_2026-09-25/gpu/G1 --run-label g1_gnn_campinas_Q1_ss387379_s43 --hidden-dim 256 --batch-size 12288 --lr 0.001 --k-antenna -1 --k-terrain -1 --mmap
2026-10-03 18:19:23 [lote_G1] g1_gnn_campinas_Q1_ss387379_s43 OK em 900.7s
2026-10-03 18:19:23 [lote_G1] iniciando g1_mlp_campinas_Q1_ss387379_s43 (bloco 4, vram_livre=14226 MiB): /trabalho/ambientes/s33_amb_virtual/.venv/bin/python /trabalho/ARPIA_RF/TOPO_RF_PROJETO/GNN_RF/MDPI_Mathematics/_v3_2026-09-25/gpu/G1/train_v3_g10.py --modelo mlp --cidade campinas --quadrante Q1 --seed-treino 43 --split-seed 387379 --epochs 8 --evid-dir /trabalho/ARPIA_RF/TOPO_RF_PROJETO/GNN_RF/MDPI_Mathematics/_v3_2026-09-25/gpu/G1 --run-label g1_mlp_campinas_Q1_ss387379_s43 --batch-size 12288 --lr 0.001 --mmap
2026-10-03 18:21:06 [lote_G1] g1_mlp_campinas_Q1_ss387379_s43 OK em 103.6s
2026-10-03 18:21:07 [lote_G1] iniciando g1_gnn_campinas_Q1_ss387379_s44 (bloco 4, vram_livre=14228 MiB): /trabalho/ambientes/s33_amb_virtual/.venv/bin/python /trabalho/ARPIA_RF/TOPO_RF_PROJETO/GNN_RF/MDPI_Mathematics/_v3_2026-09-25/gpu/G1/train_v3_g10.py --modelo gnn --cidade campinas --quadrante Q1 --seed-treino 44 --split-seed 387379 --epochs 8 --evid-dir /trabalho/ARPIA_RF/TOPO_RF_PROJETO/GNN_RF/MDPI_Mathematics/_v3_2026-09-25/gpu/G1 --run-label g1_gnn_campinas_Q1_ss387379_s44 --hidden-dim 256 --batch-size 12288 --lr 0.001 --k-antenna -1 --k-terrain -1 --mmap
2026-10-03 18:36:08 [lote_G1] g1_gnn_campinas_Q1_ss387379_s44 OK em 901.9s
2026-10-03 18:36:08 [lote_G1] iniciando g1_mlp_campinas_Q1_ss387379_s44 (bloco 4, vram_livre=14016 MiB): /trabalho/ambientes/s33_amb_virtual/.venv/bin/python /trabalho/ARPIA_RF/TOPO_RF_PROJETO/GNN_RF/MDPI_Mathematics/_v3_2026-09-25/gpu/G1/train_v3_g10.py --modelo mlp --cidade campinas --quadrante Q1 --seed-treino 44 --split-seed 387379 --epochs 8 --evid-dir /trabalho/ARPIA_RF/TOPO_RF_PROJETO/GNN_RF/MDPI_Mathematics/_v3_2026-09-25/gpu/G1 --run-label g1_mlp_campinas_Q1_ss387379_s44 --batch-size 12288 --lr 0.001 --mmap
2026-10-03 18:37:52 [lote_G1] g1_mlp_campinas_Q1_ss387379_s44 OK em 103.1s
2026-10-03 18:37:52 [lote_G1] iniciando g1_gnn_campinas_Q1_ss259492_s43 (bloco 4, vram_livre=14228 MiB): /trabalho/ambientes/s33_amb_virtual/.venv/bin/python /trabalho/ARPIA_RF/TOPO_RF_PROJETO/GNN_RF/MDPI_Mathematics/_v3_2026-09-25/gpu/G1/train_v3_g10.py --modelo gnn --cidade campinas --quadrante Q1 --seed-treino 43 --split-seed 259492 --epochs 8 --evid-dir /trabalho/ARPIA_RF/TOPO_RF_PROJETO/GNN_RF/MDPI_Mathematics/_v3_2026-09-25/gpu/G1 --run-label g1_gnn_campinas_Q1_ss259492_s43 --hidden-dim 256 --batch-size 12288 --lr 0.001 --k-antenna -1 --k-terrain -1 --mmap
2026-10-03 18:52:56 [lote_G1] g1_gnn_campinas_Q1_ss259492_s43 OK em 904.8s
2026-10-03 18:52:56 [lote_G1] iniciando g1_mlp_campinas_Q1_ss259492_s43 (bloco 4, vram_livre=14228 MiB): /trabalho/ambientes/s33_amb_virtual/.venv/bin/python /trabalho/ARPIA_RF/TOPO_RF_PROJETO/GNN_RF/MDPI_Mathematics/_v3_2026-09-25/gpu/G1/train_v3_g10.py --modelo mlp --cidade campinas --quadrante Q1 --seed-treino 43 --split-seed 259492 --epochs 8 --evid-dir /trabalho/ARPIA_RF/TOPO_RF_PROJETO/GNN_RF/MDPI_Mathematics/_v3_2026-09-25/gpu/G1 --run-label g1_mlp_campinas_Q1_ss259492_s43 --batch-size 12288 --lr 0.001 --mmap
2026-10-03 18:54:41 [lote_G1] g1_mlp_campinas_Q1_ss259492_s43 OK em 104.5s
2026-10-03 18:54:41 [lote_G1] iniciando g1_gnn_campinas_Q1_ss259492_s44 (bloco 4, vram_livre=14162 MiB): /trabalho/ambientes/s33_amb_virtual/.venv/bin/python /trabalho/ARPIA_RF/TOPO_RF_PROJETO/GNN_RF/MDPI_Mathematics/_v3_2026-09-25/gpu/G1/train_v3_g10.py --modelo gnn --cidade campinas --quadrante Q1 --seed-treino 44 --split-seed 259492 --epochs 8 --evid-dir /trabalho/ARPIA_RF/TOPO_RF_PROJETO/GNN_RF/MDPI_Mathematics/_v3_2026-09-25/gpu/G1 --run-label g1_gnn_campinas_Q1_ss259492_s44 --hidden-dim 256 --batch-size 12288 --lr 0.001 --k-antenna -1 --k-terrain -1 --mmap
2026-10-03 19:09:45 [lote_G1] g1_gnn_campinas_Q1_ss259492_s44 OK em 903.7s
2026-10-03 19:09:45 [lote_G1] iniciando g1_mlp_campinas_Q1_ss259492_s44 (bloco 4, vram_livre=14229 MiB): /trabalho/ambientes/s33_amb_virtual/.venv/bin/python /trabalho/ARPIA_RF/TOPO_RF_PROJETO/GNN_RF/MDPI_Mathematics/_v3_2026-09-25/gpu/G1/train_v3_g10.py --modelo mlp --cidade campinas --quadrante Q1 --seed-treino 44 --split-seed 259492 --epochs 8 --evid-dir /trabalho/ARPIA_RF/TOPO_RF_PROJETO/GNN_RF/MDPI_Mathematics/_v3_2026-09-25/gpu/G1 --run-label g1_mlp_campinas_Q1_ss259492_s44 --batch-size 12288 --lr 0.001 --mmap
2026-10-03 19:11:29 [lote_G1] g1_mlp_campinas_Q1_ss259492_s44 OK em 104.8s
2026-10-03 19:11:29 [lote_G1] TODAS as corridas planejadas foram concluidas.
